Pc@DESKTOP-R1L0103 MINGW64 ~/Desktop/GLA-Backend-using-node.js/Q/Lab-5/app (master)
$ git init
Initialized empty Git repository in C:/Users/Pc/Desktop/GLA-Backend-using-node.js/Q/Lab-5/app/.git/

Pc@DESKTOP-R1L0103 MINGW64 ~/Desktop/GLA-Backend-using-node.js/Q/Lab-5/app (master)
$ ls
app/

Pc@DESKTOP-R1L0103 MINGW64 ~/Desktop/GLA-Backend-using-node.js/Q/Lab-5/app (master)
$ ls -a
./  ../  .git/  app/

Pc@DESKTOP-R1L0103 MINGW64 ~/Desktop/GLA-Backend-using-node.js/Q/Lab-5/app (master)
$ git status
On branch master

No commits yet

nothing to commit (create/copy files and use "git add" to track)

Pc@DESKTOP-R1L0103 MINGW64 ~/Desktop/GLA-Backend-using-node.js/Q/Lab-5/app (master)
$ git add app

Pc@DESKTOP-R1L0103 MINGW64 ~/Desktop/GLA-Backend-using-node.js/Q/Lab-5/app (master)
$ git add.
git: 'add.' is not a git command. See 'git --help'.

The most similar command is
        add

Pc@DESKTOP-R1L0103 MINGW64 ~/Desktop/GLA-Backend-using-node.js/Q/Lab-5/app (master)
$ git add .

Pc@DESKTOP-R1L0103 MINGW64 ~/Desktop/GLA-Backend-using-node.js/Q/Lab-5/app (master)
$ rm -rf .git/

Pc@DESKTOP-R1L0103 MINGW64 ~/Desktop/GLA-Backend-using-node.js/Q/Lab-5/app (master)
$ touch app.js

Pc@DESKTOP-R1L0103 MINGW64 ~/Desktop/GLA-Backend-using-node.js/Q/Lab-5/app (master)
$ ls
app/  app.js

Pc@DESKTOP-R1L0103 MINGW64 ~/Desktop/GLA-Backend-using-node.js/Q/Lab-5/app (master)
$ ls -a
./  ../  app/  app.js

Pc@DESKTOP-R1L0103 MINGW64 ~/Desktop/GLA-Backend-using-node.js/Q/Lab-5/app (master)
$ git init
Initialized empty Git repository in C:/Users/Pc/Desktop/GLA-Backend-using-node.js/Q/Lab-5/app/.git/

Pc@DESKTOP-R1L0103 MINGW64 ~/Desktop/GLA-Backend-using-node.js/Q/Lab-5/app (master)
$

Pc@DESKTOP-R1L0103 MINGW64 ~/Desktop/GLA-Backend-using-node.js/Q/Lab-5/app (master)
$ rm -rf .git/

Pc@DESKTOP-R1L0103 MINGW64 ~/Desktop/GLA-Backend-using-node.js/Q/Lab-5/app (master)
$ Function Key 7Function Key 7Function Key
bash: Function: command not found

Pc@DESKTOP-R1L0103 MINGW64 ~/Desktop/GLA-Backend-using-node.js/Q/Lab-5/app (master)
$ git init
Initialized empty Git repository in C:/Users/Pc/Desktop/GLA-Backend-using-node.js/Q/Lab-5/app/.git/

Pc@DESKTOP-R1L0103 MINGW64 ~/Desktop/GLA-Backend-using-node.js/Q/Lab-5/app (master)
$ ls
app/  app.js

Pc@DESKTOP-R1L0103 MINGW64 ~/Desktop/GLA-Backend-using-node.js/Q/Lab-5/app (master)
$ touch app.js

Pc@DESKTOP-R1L0103 MINGW64 ~/Desktop/GLA-Backend-using-node.js/Q/Lab-5/app (master)
$ ls
app/  app.js

Pc@DESKTOP-R1L0103 MINGW64 ~/Desktop/GLA-Backend-using-node.js/Q/Lab-5/app (master)
$ ls -a
./  ../  .git/  app/  app.js

Pc@DESKTOP-R1L0103 MINGW64 ~/Desktop/GLA-Backend-using-node.js/Q/Lab-5/app (master)
$ rm -rf .git/

Pc@DESKTOP-R1L0103 MINGW64 ~/Desktop/GLA-Backend-using-node.js/Q/Lab-5/app (master)
$ git init
Initialized empty Git repository in C:/Users/Pc/Desktop/GLA-Backend-using-node.js/Q/Lab-5/app/.git/

Pc@DESKTOP-R1L0103 MINGW64 ~/Desktop/GLA-Backend-using-node.js/Q/Lab-5/app (master)
$ git status
On branch master

No commits yet

Untracked files:
  (use "git add <file>..." to include in what will be committed)
        app.js

nothing added to commit but untracked files present (use "git add" to track)

Pc@DESKTOP-R1L0103 MINGW64 ~/Desktop/GLA-Backend-using-node.js/Q/Lab-5/app (master)
$ code.
bash: code.: command not found

Pc@DESKTOP-R1L0103 MINGW64 ~/Desktop/GLA-Backend-using-node.js/Q/Lab-5/app (master)
$ code .

Pc@DESKTOP-R1L0103 MINGW64 ~/Desktop/GLA-Backend-using-node.js/Q/Lab-5/app (master)
$ git status
On branch master

No commits yet

Untracked files:
  (use "git add <file>..." to include in what will be committed)
        app.js

nothing added to commit but untracked files present (use "git add" to track)

Pc@DESKTOP-R1L0103 MINGW64 ~/Desktop/GLA-Backend-using-node.js/Q/Lab-5/app (master)
$ git add .

Pc@DESKTOP-R1L0103 MINGW64 ~/Desktop/GLA-Backend-using-node.js/Q/Lab-5/app (master)
$ learning git
bash: learning: command not found

Pc@DESKTOP-R1L0103 MINGW64 ~/Desktop/GLA-Backend-using-node.js/Q/Lab-5/app (master)
$ git status
On branch master

No commits yet

Changes to be committed:
  (use "git rm --cached <file>..." to unstage)
        new file:   app.js

Changes not staged for commit:
  (use "git add <file>..." to update what will be committed)
  (use "git restore <file>..." to discard changes in working directory)
        modified:   app.js


Pc@DESKTOP-R1L0103 MINGW64 ~/Desktop/GLA-Backend-using-node.js/Q/Lab-5/app (master)
$ git add.
git: 'add.' is not a git command. See 'git --help'.

The most similar command is
        add

Pc@DESKTOP-R1L0103 MINGW64 ~/Desktop/GLA-Backend-using-node.js/Q/Lab-5/app (master)
$ git  add.
git: 'add.' is not a git command. See 'git --help'.

The most similar command is
        add

Pc@DESKTOP-R1L0103 MINGW64 ~/Desktop/GLA-Backend-using-node.js/Q/Lab-5/app (master)
$ git add .

Pc@DESKTOP-R1L0103 MINGW64 ~/Desktop/GLA-Backend-using-node.js/Q/Lab-5/app (master)
$ git commit -m "version1"
[master (root-commit) e525b41] version1
 1 file changed, 2 insertions(+)
 create mode 100644 app.js

Pc@DESKTOP-R1L0103 MINGW64 ~/Desktop/GLA-Backend-using-node.js/Q/Lab-5/app (master)
$ git log
commit e525b418e962c0fd3d4c8c3e960492a22f13dbde (HEAD -> master)
Author: TusharSatija <tusharsatija737@gmai.com>
Date:   Thu Feb 5 08:05:31 2026 +0000

    version1

Pc@DESKTOP-R1L0103 MINGW64 ~/Desktop/GLA-Backend-using-node.js/Q/Lab-5/app (master)
$ touch index.html

Pc@DESKTOP-R1L0103 MINGW64 ~/Desktop/GLA-Backend-using-node.js/Q/Lab-5/app (master)
$ git add .

Pc@DESKTOP-R1L0103 MINGW64 ~/Desktop/GLA-Backend-using-node.js/Q/Lab-5/app (master)
$ git branch
* master

Pc@DESKTOP-R1L0103 MINGW64 ~/Desktop/GLA-Backend-using-node.js/Q/Lab-5/app (master)
$ git checkout -b new-feature
Switched to a new branch 'new-feature'

Pc@DESKTOP-R1L0103 MINGW64 ~/Desktop/GLA-Backend-using-node.js/Q/Lab-5/app (new-feature)
$ git branch
  master
* new-feature

Pc@DESKTOP-R1L0103 MINGW64 ~/Desktop/GLA-Backend-using-node.js/Q/Lab-5/app (new-feature)
$ git status
On branch new-feature
Changes to be committed:
  (use "git restore --staged <file>..." to unstage)
        new file:   index.html

Changes not staged for commit:
  (use "git add <file>..." to update what will be committed)
  (use "git restore <file>..." to discard changes in working directory)
        modified:   index.html


Pc@DESKTOP-R1L0103 MINGW64 ~/Desktop/GLA-Backend-using-node.js/Q/Lab-5/app (new-feature)
$ git add .

Pc@DESKTOP-R1L0103 MINGW64 ~/Desktop/GLA-Backend-using-node.js/Q/Lab-5/app (new-feature)
$ git status
On branch new-feature
Changes to be committed:
  (use "git restore --staged <file>..." to unstage)
        new file:   index.html


Pc@DESKTOP-R1L0103 MINGW64 ~/Desktop/GLA-Backend-using-node.js/Q/Lab-5/app (new-feature)
$ git commit -m "v3"
[new-feature 0487f7d] v3
 1 file changed, 12 insertions(+)
 create mode 100644 index.html

Pc@DESKTOP-R1L0103 MINGW64 ~/Desktop/GLA-Backend-using-node.js/Q/Lab-5/app (new-feature)
$ git status
On branch new-feature
nothing to commit, working tree clean

Pc@DESKTOP-R1L0103 MINGW64 ~/Desktop/GLA-Backend-using-node.js/Q/Lab-5/app (new-feature)
$ git switch master
Switched to branch 'master'

Pc@DESKTOP-R1L0103 MINGW64 ~/Desktop/GLA-Backend-using-node.js/Q/Lab-5/app (master)
$ git merge new-feature
Updating e525b41..0487f7d
Fast-forward
 index.html | 12 ++++++++++++
 1 file changed, 12 insertions(+)
 create mode 100644 index.html

Pc@DESKTOP-R1L0103 MINGW64 ~/Desktop/GLA-Backend-using-node.js/Q/Lab-5/app (master)
$
